Timerange: [1969-12-31 19:00:01.000000000, 1969-12-31 19:00:11.000000000]
Per-TID Usage                                                                               Process                   Migrations   Priorities
################################################################################
████████████████████████████████████████████████████████████████████████████████ 100.00 %   prog100pc-cpu5 (42)                0   [20]
████████████████████                                                              25.00 %   prog25pc-cpu1 (30665)              0   [20]
████████████████                                                                  20.00 %   prog20pc-cpu0 (30664)              0   [20]

Per-CPU Usage
################################################################################
████████████████                                                                  20.00 % CPU 0
████████████████████                                                              25.00 % CPU 1
████████████████████████████████████████████████████████████████████████████████ 100.00 % CPU 5


Total CPU Usage: 48.33%
