Timerange: [1969-12-31 19:00:01.000000000, 1969-12-31 19:00:01.024000000]
Per-process I/O Read                                                                     Process                   Disk       Net        Unknown   
################################################################################
████████████████████████████████████████████████████████████████████████████████ 100   B app2 (100)                     0   B      0   B    100   B
█████████████████████████████████                                                 42   B app3 (unknown (tid=101))       0   B      0   B     42   B
                                                                                   0   B app (99)                       0   B      0   B      0   B

Per-process I/O Write                                                                   Process                   Disk       Net        Unknown   
################################################################################
████████████████████████████████████████████████████████████████████████████████ 10   B app (99)                       0   B      0   B     10   B
                                                                                  0   B app2 (100)                     0   B      0   B      0   B
                                                                                  0   B app3 (unknown (tid=101))       0   B      0   B      0   B

Per-file I/O Read                                                                        Path
################################################################################
████████████████████████████████████████████████████████████████████████████████ 100   B testfile
█████████████████████████████████                                                 42   B unknown (app3)

Per-file I/O Write                                                                      Path
################################################################################
████████████████████████████████████████████████████████████████████████████████ 10   B unknown (app)

Block I/O Read                                                                            Process
################################################################################
████████████████████████████████████████████████████████████████████████████████ 5.00 KiB app (pid=99)

Block I/O Write                                                                            Process
################################################################################
████████████████████████████████████████████████████████████████████████████████ 10.00 KiB app3 (pid=unknown (tid=101))

Disk Requests Sector Count                                                                  Disk
################################################################################
████████████████████████████████████████████████████████████████████████████████ 20 sectors (8,0)
████████████████████████████████████████                                         10 sectors (252,0)

Disk Request Count                                                                          Disk
################################################################################
████████████████████████████████████████████████████████████████████████████████ 1 requests (252,0)
████████████████████████████████████████████████████████████████████████████████ 1 requests (8,0)

Disk Request Average Latency                                                             Disk
################################################################################
████████████████████████████████████████████████████████████████████████████████ 1.00 ms (252,0)
████████████████████████████████████████████████████████████████████████████████ 1.00 ms (8,0)

Network Received Bytes                                                                   Interface
################################################################################
████████████████████████████████████████████████████████████████████████████████ 200   B wlan0
████████████████████████████████████████                                         100   B wlan1

Network Sent Bytes                                                                       Interface
################################################################################
████████████████████████████████████████████████████████████████████████████████ 100   B wlan0
                                                                                   0   B wlan1
