Timerange: [1969-12-31 19:00:01.000000000, 1969-12-31 19:00:01.045000000]
Hard IRQ                                             Duration (us)
                       count          min          avg          max        stdev       
----------------------------------------------------------------------------------|
41: <ahci>                 6     2000.000     2000.000     2000.000        0.000  |

Soft IRQ                                             Duration (us)                                        Raise latency (us)
                       count          min          avg          max        stdev  |  count          min          avg          max        stdev       
----------------------------------------------------------------------------------|------------------------------------------------------------
1:  <TIMER_SOFTIRQ>        2     1000.000     2000.000     3000.000     1414.214  |      2     5000.000     6000.000     7000.000     1414.214
4:  <BLOCK_SOFTIRQ>        6     1000.000     1000.000     1000.000        0.000  |      6     2000.000     2000.000     2000.000        0.000
7:  <SCHED_SOFTIRQ>        1     2000.000     2000.000     2000.000            ?  |      1     6000.000     6000.000     6000.000            ?
9:  <RCU_SOFTIRQ>          2     1000.000     1500.000     2000.000      707.107  |      2     8000.000     9000.000    10000.000     1414.214